// Vitest Snapshot v1, https://vitest.dev/guide/snapshot.html

exports[`Integration Tests > should inject the types for the virtual module 1`] = `
"declare module "astro-nanostores-i18n:runtime" {
  import type { ComponentsJSON, Translations } from '@nanostores/i18n';
  export declare const currentLocale: import('nanostores').PreinitializedWritableAtom<string> & object;
  export declare const initializeI18n: (defaultLocale: string, translations: Record<string, Components>) => void;
  export declare const useFormat: () => import('@nanostores/i18n').Formatter;
  export declare const useI18n: <Body extends Translations>(componentName: string, baseTranslations: Body) => Body;
}
"
`;

exports[`Integration Tests > should register virtual module 1`] = `
{
  "imports": {
    "astro-nanostores-i18n:runtime": "import { initializeI18n, useFormat, useI18n, currentLocale } from "file:///workspaces/astro-loader-i18n/libs/astro-nanostores-i18n/src/integration.ts/./runtime.js";

initializeI18n("en", {});

export { useFormat, useI18n, currentLocale };
",
  },
  "name": "astro-nanostores-i18n",
}
`;
