// Vitest Snapshot v1, https://vitest.dev/guide/snapshot.html

exports[`i18nPropsAndParams > should generate paths for a valid collection 1`] = `
[
  {
    "params": {
      "blog": "logbuch",
      "locale": undefined,
      "slug": "veruckte-umlaute",
    },
    "props": {
      "data": {
        "locale": "de-CH",
        "title": "Verückte Umlaute!",
        "translationId": "magic.mdx",
      },
      "translations": {
        "de-CH": "/logbuch/posts/veruckte-umlaute",
        "zh-CN": "/zh-CN/blog/posts/shen2-qi2-de-biao1-ti2",
      },
    },
  },
  {
    "params": {
      "blog": "blog",
      "locale": "zh-CN",
      "slug": "shen2-qi2-de-biao1-ti2",
    },
    "props": {
      "data": {
        "locale": "zh-CN",
        "title": "神奇的标题",
        "translationId": "magic.mdx",
      },
      "translations": {
        "de-CH": "/logbuch/posts/veruckte-umlaute",
        "zh-CN": "/zh-CN/blog/posts/shen2-qi2-de-biao1-ti2",
      },
    },
  },
]
`;

exports[`i18nPropsAndParams > should throw an error if not all params can be filled 1`] = `[Error: No slugs found for route segment unknown]`;
