// Vitest Snapshot v1, https://vitest.dev/guide/snapshot.html

exports[`buildPath > should throw if is filled with a path and param is not spread 1`] = `[Error: The segment value "bli/bla/blub" for route segment "slug" contains a slash. Did you forget to add "..." to the route pattern?]`;

exports[`buildPath > should throw if no segment matches a param 1`] = `[Error: No segment value found for route segment "slug". Did you forget to provide it?]`;
