// Vitest Snapshot v1, https://vitest.dev/guide/snapshot.html

exports[`i18nContentLoader > should put common translation id and locale in data 1`] = `
[
  [
    "space",
    {
      "data": {
        "cover": "./space1.jpg",
        "images": [
          {
            "src": "./space1.jpg",
          },
          {
            "src": "./space2.jpg",
          },
          {
            "src": "./space3.jpg",
          },
          {
            "src": "./space4.jpg",
          },
          {
            "src": "./space5.jpg",
          },
        ],
        "locale": "zh-CN",
        "title": "太空",
        "translationId": "src/content/gallery/space.yml",
      },
      "filePath": "src/content/gallery/space.yml",
      "id": "space",
    },
  ],
  [
    "nature",
    {
      "data": {
        "cover": "./nature1.jpg",
        "images": [
          {
            "src": "./nature1.jpg",
          },
          {
            "src": "./nature2.jpg",
          },
          {
            "src": "./nature3.jpg",
          },
          {
            "src": "./nature4.jpg",
          },
          {
            "src": "./nature5.jpg",
          },
        ],
        "locale": "zh-CN",
        "title": "自然",
        "translationId": "src/content/gallery/nature.yml",
      },
      "filePath": "src/content/gallery/nature.yml",
      "id": "nature",
    },
  ],
  [
    "animals",
    {
      "data": {
        "cover": "./animals1.jpg",
        "images": [
          {
            "src": "./animals1.jpg",
          },
          {
            "src": "./animals2.jpg",
          },
          {
            "src": "./animals3.jpg",
          },
          {
            "src": "./animals4.jpg",
          },
          {
            "src": "./animals5.jpg",
          },
        ],
        "locale": "zh-CN",
        "title": "动物",
        "translationId": "src/content/gallery/animals.yml",
      },
      "filePath": "src/content/gallery/animals.yml",
      "id": "animals",
    },
  ],
]
`;
