// Vitest Snapshot v1, https://vitest.dev/guide/snapshot.html

exports[`i18nContentLoader > should put common translation id and locale in data 1`] = `
[
  [
    "space/de-CH",
    {
      "data": {
        "basePath": "/",
        "contentPath": "",
        "cover": "./space1.jpg",
        "images": [
          {
            "src": "./space1.jpg",
            "title": "Weltraum1",
          },
          {
            "src": "./space2.jpg",
            "title": "Weltraum2",
          },
          {
            "src": "./space3.jpg",
            "title": "Weltraum3",
          },
          {
            "src": "./space4.jpg",
            "title": "Weltraum4",
          },
          {
            "src": "./space5.jpg",
            "title": "Weltraum5",
          },
        ],
        "locale": "de-CH",
        "title": "Weltraum",
        "translationId": "src/content/gallery/space.yml",
      },
      "filePath": "src/content/gallery/space.yml",
      "id": "space/de-CH",
    },
  ],
  [
    "space/zh-CN",
    {
      "data": {
        "basePath": "/",
        "contentPath": "",
        "cover": "./space1.jpg",
        "images": [
          {
            "src": "./space1.jpg",
            "title": "Space1",
          },
          {
            "src": "./space2.jpg",
            "title": "Space2",
          },
          {
            "src": "./space3.jpg",
            "title": "Space3",
          },
          {
            "src": "./space4.jpg",
            "title": "Space4",
          },
          {
            "src": "./space5.jpg",
            "title": "Space5",
          },
        ],
        "locale": "zh-CN",
        "title": "太空",
        "translationId": "src/content/gallery/space.yml",
      },
      "filePath": "src/content/gallery/space.yml",
      "id": "space/zh-CN",
    },
  ],
  [
    "nature/de-CH",
    {
      "data": {
        "basePath": "/",
        "contentPath": "",
        "cover": "./nature1.jpg",
        "images": [
          {
            "src": "./nature1.jpg",
          },
          {
            "src": "./nature2.jpg",
          },
          {
            "src": "./nature3.jpg",
          },
          {
            "src": "./nature4.jpg",
          },
          {
            "src": "./nature5.jpg",
          },
        ],
        "locale": "de-CH",
        "title": "Natur",
        "translationId": "src/content/gallery/nature.yml",
      },
      "filePath": "src/content/gallery/nature.yml",
      "id": "nature/de-CH",
    },
  ],
  [
    "nature/zh-CN",
    {
      "data": {
        "basePath": "/",
        "contentPath": "",
        "cover": "./nature1.jpg",
        "images": [
          {
            "src": "./nature1.jpg",
          },
          {
            "src": "./nature2.jpg",
          },
          {
            "src": "./nature3.jpg",
          },
          {
            "src": "./nature4.jpg",
          },
          {
            "src": "./nature5.jpg",
          },
        ],
        "locale": "zh-CN",
        "title": "自然",
        "translationId": "src/content/gallery/nature.yml",
      },
      "filePath": "src/content/gallery/nature.yml",
      "id": "nature/zh-CN",
    },
  ],
  [
    "animals/de-CH",
    {
      "data": {
        "basePath": "/",
        "contentPath": "",
        "cover": "./animals1.jpg",
        "images": [
          {
            "src": "./animals1.jpg",
          },
          {
            "src": "./animals2.jpg",
          },
          {
            "src": "./animals3.jpg",
          },
          {
            "src": "./animals4.jpg",
          },
          {
            "src": "./animals5.jpg",
          },
        ],
        "locale": "de-CH",
        "title": "Tiere",
        "translationId": "src/content/gallery/animals.yml",
      },
      "filePath": "src/content/gallery/animals.yml",
      "id": "animals/de-CH",
    },
  ],
  [
    "animals/zh-CN",
    {
      "data": {
        "basePath": "/",
        "contentPath": "",
        "cover": "./animals1.jpg",
        "images": [
          {
            "src": "./animals1.jpg",
          },
          {
            "src": "./animals2.jpg",
          },
          {
            "src": "./animals3.jpg",
          },
          {
            "src": "./animals4.jpg",
          },
          {
            "src": "./animals5.jpg",
          },
        ],
        "locale": "zh-CN",
        "title": "动物",
        "translationId": "src/content/gallery/animals.yml",
      },
      "filePath": "src/content/gallery/animals.yml",
      "id": "animals/zh-CN",
    },
  ],
  [
    "omni",
    {
      "data": {
        "basePath": "/",
        "contentPath": "",
        "cover": "./animals1.jpg",
        "images": [
          {
            "src": "./animals1.jpg",
          },
          {
            "src": "./animals2.jpg",
          },
          {
            "src": "./animals3.jpg",
          },
          {
            "src": "./animals4.jpg",
          },
          {
            "src": "./animals5.jpg",
          },
        ],
        "locale": "und",
        "title": "Omni",
        "translationId": "src/content/gallery/omni.yml",
      },
      "filePath": "src/content/gallery/omni.yml",
      "id": "omni",
    },
  ],
]
`;

exports[`i18nContentLoader > should throw error if i18n config is missing 1`] = `[Error: i18n configuration is missing in your astro config]`;
