// Vitest Snapshot v1, https://vitest.dev/guide/snapshot.html

exports[`i18nFolderLoader > common translation id and locale in data 1`] = `
[
  [
    "de-CH/about",
    {
      "body": "---
title: Über mich
---

Test
",
      "data": {
        "commonTranslationId": "src/content/pages/about.mdx",
        "locale": "de-CH",
        "title": "Über mich",
      },
      "filePath": "src/content/pages/de-CH/about.mdx",
      "id": "de-CH/about",
    },
  ],
  [
    "de-CH/projects",
    {
      "body": "---
title: Projekte
---

Test
",
      "data": {
        "commonTranslationId": "src/content/pages/projects.mdx",
        "locale": "de-CH",
        "title": "Projekte",
      },
      "filePath": "src/content/pages/de-CH/projects.mdx",
      "id": "de-CH/projects",
    },
  ],
  [
    "zh-CN/about",
    {
      "body": "---
title: 关于我
---

测试
",
      "data": {
        "commonTranslationId": "src/content/pages/about.mdx",
        "locale": "zh-CN",
        "title": "关于我",
      },
      "filePath": "src/content/pages/zh-CN/about.mdx",
      "id": "zh-CN/about",
    },
  ],
  [
    "zh-CN/projects",
    {
      "body": "---
title: 项目
---

测试
",
      "data": {
        "commonTranslationId": "src/content/pages/projects.mdx",
        "locale": "zh-CN",
        "title": "项目",
      },
      "filePath": "src/content/pages/zh-CN/projects.mdx",
      "id": "zh-CN/projects",
    },
  ],
]
`;
