// Vitest Snapshot v1, https://vitest.dev/guide/snapshot.html

exports[`i18nLoaderSchema > should extend the schema 1`] = `"{"translationId":{"_def":{"checks":[],"typeName":"ZodString","coerce":false},"~standard":{"version":1,"vendor":"zod"}},"locale":{"_def":{"checks":[],"typeName":"ZodString","coerce":false},"~standard":{"version":1,"vendor":"zod"}},"title":{"_def":{"checks":[],"typeName":"ZodString","coerce":false},"~standard":{"version":1,"vendor":"zod"}}}"`;

exports[`i18nLoaderSchema > should throw an error when checkI18nLoaderCollection fails 1`] = `
[Error: Invalid collection entry was provided: [
  {
    "code": "invalid_type",
    "expected": "string",
    "received": "undefined",
    "path": [
      2,
      "data",
      "locale"
    ],
    "message": "Required"
  }
] 
 Did you forget to use "extendI18nLoaderSchema" to extend the schema?]
`;
